// Vitest Snapshot v1

exports[`IssueComment > should render a comment 1`] = `
<div>
  <div
    class="flex flex-row gap-2 items-start"
  >
    <div
      class="flex flex-col rounded-full basis-6"
    >
      <svg
        aria-hidden="true"
        class="h-6 w-6"
        fill="none"
        stroke="currentColor"
        stroke-width="1.5"
        viewBox="0 0 24 24"
        xmlns="http://www.w3.org/2000/svg"
      >
        <path
          d="M15.75 6a3.75 3.75 0 11-7.5 0 3.75 3.75 0 017.5 0zM4.501 20.118a7.5 7.5 0 0114.998 0A17.933 17.933 0 0112 21.75c-2.676 0-5.216-.584-7.499-1.632z"
          stroke-linecap="round"
          stroke-linejoin="round"
        />
      </svg>
    </div>
    <div
      class="flex flex-col grow-0 shrink-1"
    >
      <p
        class="text-base font-bold"
      >
        author
      </p>
      <p
        class="text-base mt-2"
      >
        body
      </p>
    </div>
  </div>
</div>
`;
